// Jest Snapshot v1, https://goo.gl/fbAQLP

exports[`<Navigation /> renders without crashing 1`] = `
<nav
  className="navigation"
  role="navigation"
>
  <a
    className="brand"
    href="/"
    onClick={[Function]}
  >
    Caskmates
  </a>
  <div
    className="navbar-anchors"
  >
    <a
      className="nav-a"
      href="/whiskeys"
      onClick={[Function]}
    >
      Whiskey Lookup
    </a>
    <span>
      |
    </span>
    
    <div
      className="Header__not-logged-in"
    >
      <a
        className="nav-a log"
        href="/login"
        onClick={[Function]}
      >
        <img
          alt="login icon"
          height="14"
          src="https://encrypted-tbn0.gstatic.com/images?q=tbn:ANd9GcSrdZKzkouFPEorhZMdksNlgtVyANA_0YJl1NYGqlpaELG4TslJig"
        />
      </a>
    </div>
  </div>
</nav>
`;
